// Vitest Snapshot v1, https://vitest.dev/guide/snapshot.html

exports[`a super simple test 1`] = `"<div>wowowow</div>"`;
